// Vitest Snapshot v1, https://vitest.dev/guide/snapshot.html

exports[`ferramentas da Luna: contrato com o código > nome, parâmetros, tipos, valores permitidos e obrigatórios não mudam pelo Markdown 1`] = `
{
  "agente_aula": [
    {
      "name": "consulta_disponibilidade",
      "parameters": {
        "properties": {
          "curso_escolhido": {
            "type": "string",
          },
          "data_desejada": {
            "type": "string",
          },
          "horario_inicio_desejado": {
            "type": "string",
          },
          "periodo_desejado": {
            "enum": [
              "manhã",
              "tarde",
              "noite",
              "qualquer",
            ],
            "type": "string",
          },
        },
        "required": [
          "curso_escolhido",
          "data_desejada",
        ],
        "type": "object",
      },
      "strict": false,
      "type": "function",
    },
    {
      "name": "consulta_objecoes",
      "parameters": {
        "properties": {
          "curso_consulta": {
            "type": "string",
          },
          "mensagem_lead": {
            "type": "string",
          },
          "tipo_objecao": {
            "enum": [
              "objecao_tempo",
              "objecao_canal",
              "pergunta_preco",
              "objecao_financeira",
              "objecao_adiamento",
              "objecao_desconfianca",
              "objecao_duvida",
              "pergunta_condicao",
              "objecao_terceiro",
              "pergunta_modalidade",
              "pergunta_instituicao",
            ],
            "type": "string",
          },
        },
        "required": [
          "mensagem_lead",
          "tipo_objecao",
        ],
        "type": "object",
      },
      "strict": false,
      "type": "function",
    },
    {
      "name": "envia_informacoes",
      "parameters": {
        "properties": {
          "conteudo": {
            "enum": [
              "cronograma",
              "valor",
              "cronograma_e_valor",
              "portfolio",
            ],
            "type": "string",
          },
          "curso_escolhido": {
            "type": "string",
          },
        },
        "required": [
          "curso_escolhido",
          "conteudo",
        ],
        "type": "object",
      },
      "strict": false,
      "type": "function",
    },
    {
      "name": "temporizador_proxima_turma",
      "parameters": {
        "properties": {
          "curso": {
            "type": "string",
          },
          "motivo": {
            "type": "string",
          },
        },
        "required": [
          "motivo",
        ],
        "type": "object",
      },
      "strict": false,
      "type": "function",
    },
    {
      "name": "consulta_pos_disponiveis",
      "parameters": {
        "additionalProperties": false,
        "properties": {
          "curso_consulta": {
            "type": "string",
          },
          "trocar_para": {
            "type": "string",
          },
        },
        "type": "object",
      },
      "strict": false,
      "type": "function",
    },
    {
      "name": "pausa_ia",
      "parameters": {
        "properties": {
          "motivo": {
            "type": "string",
          },
          "tipo": {
            "enum": [
              "pausa",
              "nao_perturbe",
              "sem_graduacao",
            ],
            "type": "string",
          },
        },
        "required": [
          "motivo",
          "tipo",
        ],
        "type": "object",
      },
      "strict": false,
      "type": "function",
    },
    {
      "name": "atualizar_dados_lead",
      "parameters": {
        "properties": {
          "area_atuacao": {
            "type": "string",
          },
          "atua_na_area": {
            "enum": [
              "sim",
              "nao",
            ],
            "type": "string",
          },
          "formacao": {
            "type": "string",
          },
          "graduacao_concluida": {
            "enum": [
              "sim",
              "cursando",
              "nao",
            ],
            "type": "string",
          },
          "nome": {
            "type": "string",
          },
          "possui_pos": {
            "enum": [
              "sim",
              "nao",
            ],
            "type": "string",
          },
          "qual_pos": {
            "type": "string",
          },
          "tempo_formacao": {
            "type": "string",
          },
        },
        "type": "object",
      },
      "strict": false,
      "type": "function",
    },
    {
      "name": "verificar_compatibilidade_curso",
      "parameters": {
        "properties": {
          "area_trabalho": {
            "type": "string",
          },
          "conclusao_graduacao": {
            "type": "string",
          },
          "conclusao_graduacao_bruta": {
            "type": "string",
          },
          "contexto_qualificacao": {
            "enum": [
              "normal",
              "estudante_apto",
              "estudante_fora_do_prazo",
              "correcao_sem_formacao",
            ],
            "type": "string",
          },
          "curso_interesse": {
            "type": "string",
          },
          "formacao_academica": {
            "type": "string",
          },
          "objetivos_profissionais": {
            "type": "string",
          },
        },
        "required": [
          "formacao_academica",
          "curso_interesse",
        ],
        "type": "object",
      },
      "strict": false,
      "type": "function",
    },
    {
      "name": "agendar_retorno",
      "parameters": {
        "properties": {
          "dias": {
            "maximum": 7,
            "minimum": 1,
            "type": "integer",
          },
          "meses": {
            "maximum": 36,
            "minimum": 1,
            "type": "integer",
          },
          "motivo": {
            "type": "string",
          },
          "tipo": {
            "enum": [
              "analise",
              "formatura",
            ],
            "type": "string",
          },
        },
        "required": [
          "tipo",
        ],
        "type": "object",
      },
      "strict": false,
      "type": "function",
    },
  ],
  "agente_campanha_direta": [
    {
      "name": "envia_informacoes",
      "parameters": {
        "properties": {
          "conteudo": {
            "enum": [
              "cronograma",
              "valor",
              "cronograma_e_valor",
            ],
            "type": "string",
          },
          "curso_escolhido": {
            "type": "string",
          },
        },
        "required": [
          "curso_escolhido",
          "conteudo",
        ],
        "type": "object",
      },
      "strict": false,
      "type": "function",
    },
    {
      "name": "temporizador_proxima_turma",
      "parameters": {
        "properties": {
          "curso": {
            "type": "string",
          },
          "motivo": {
            "type": "string",
          },
        },
        "required": [
          "motivo",
        ],
        "type": "object",
      },
      "strict": false,
      "type": "function",
    },
    {
      "name": "consulta_pos_disponiveis",
      "parameters": {
        "additionalProperties": false,
        "properties": {
          "curso_consulta": {
            "type": "string",
          },
          "trocar_para": {
            "type": "string",
          },
        },
        "type": "object",
      },
      "strict": false,
      "type": "function",
    },
    {
      "name": "verificar_compatibilidade_curso",
      "parameters": {
        "properties": {
          "area_trabalho": {
            "type": "string",
          },
          "conclusao_graduacao": {
            "type": "string",
          },
          "conclusao_graduacao_bruta": {
            "type": "string",
          },
          "contexto_qualificacao": {
            "enum": [
              "normal",
              "estudante_apto",
              "estudante_fora_do_prazo",
              "correcao_sem_formacao",
            ],
            "type": "string",
          },
          "curso_interesse": {
            "type": "string",
          },
          "formacao_academica": {
            "type": "string",
          },
          "objetivos_profissionais": {
            "type": "string",
          },
        },
        "required": [
          "formacao_academica",
          "curso_interesse",
        ],
        "type": "object",
      },
      "strict": false,
      "type": "function",
    },
    {
      "name": "consulta_disponibilidade",
      "parameters": {
        "properties": {
          "curso_escolhido": {
            "type": "string",
          },
          "data_desejada": {
            "type": "string",
          },
          "horario_inicio_desejado": {
            "type": "string",
          },
          "periodo_desejado": {
            "enum": [
              "manhã",
              "tarde",
              "noite",
              "qualquer",
            ],
            "type": "string",
          },
        },
        "required": [
          "curso_escolhido",
          "data_desejada",
        ],
        "type": "object",
      },
      "strict": false,
      "type": "function",
    },
    {
      "name": "consulta_objecoes",
      "parameters": {
        "properties": {
          "curso_consulta": {
            "type": "string",
          },
          "mensagem_lead": {
            "type": "string",
          },
          "tipo_objecao": {
            "enum": [
              "objecao_tempo",
              "objecao_canal",
              "pergunta_preco",
              "objecao_financeira",
              "objecao_adiamento",
              "objecao_desconfianca",
              "objecao_duvida",
              "pergunta_condicao",
              "objecao_terceiro",
              "pergunta_modalidade",
              "pergunta_instituicao",
            ],
            "type": "string",
          },
        },
        "required": [
          "mensagem_lead",
          "tipo_objecao",
        ],
        "type": "object",
      },
      "strict": false,
      "type": "function",
    },
    {
      "name": "pausa_ia",
      "parameters": {
        "properties": {
          "motivo": {
            "type": "string",
          },
          "tipo": {
            "enum": [
              "pausa",
              "nao_perturbe",
              "sem_graduacao",
            ],
            "type": "string",
          },
        },
        "required": [
          "motivo",
          "tipo",
        ],
        "type": "object",
      },
      "strict": false,
      "type": "function",
    },
    {
      "name": "atualizar_dados_lead",
      "parameters": {
        "properties": {
          "area_atuacao": {
            "type": "string",
          },
          "atua_na_area": {
            "enum": [
              "sim",
              "nao",
            ],
            "type": "string",
          },
          "formacao": {
            "type": "string",
          },
          "graduacao_concluida": {
            "enum": [
              "sim",
              "cursando",
              "nao",
            ],
            "type": "string",
          },
          "nome": {
            "type": "string",
          },
          "possui_pos": {
            "enum": [
              "sim",
              "nao",
            ],
            "type": "string",
          },
          "qual_pos": {
            "type": "string",
          },
          "tempo_formacao": {
            "type": "string",
          },
        },
        "type": "object",
      },
      "strict": false,
      "type": "function",
    },
    {
      "name": "agendar_retorno",
      "parameters": {
        "properties": {
          "dias": {
            "maximum": 7,
            "minimum": 1,
            "type": "integer",
          },
          "meses": {
            "maximum": 36,
            "minimum": 1,
            "type": "integer",
          },
          "motivo": {
            "type": "string",
          },
          "tipo": {
            "enum": [
              "analise",
              "formatura",
            ],
            "type": "string",
          },
        },
        "required": [
          "tipo",
        ],
        "type": "object",
      },
      "strict": false,
      "type": "function",
    },
  ],
  "agente_qualificador": [
    {
      "name": "consulta_objecoes",
      "parameters": {
        "properties": {
          "curso_consulta": {
            "type": "string",
          },
          "mensagem_lead": {
            "type": "string",
          },
          "tipo_objecao": {
            "enum": [
              "objecao_tempo",
              "objecao_canal",
              "pergunta_preco",
              "objecao_financeira",
              "objecao_adiamento",
              "objecao_desconfianca",
              "objecao_duvida",
              "pergunta_condicao",
              "objecao_terceiro",
              "pergunta_modalidade",
              "pergunta_instituicao",
            ],
            "type": "string",
          },
        },
        "required": [
          "mensagem_lead",
          "tipo_objecao",
        ],
        "type": "object",
      },
      "strict": false,
      "type": "function",
    },
    {
      "name": "pausa_ia",
      "parameters": {
        "properties": {
          "motivo": {
            "type": "string",
          },
          "tipo": {
            "enum": [
              "pausa",
              "nao_perturbe",
              "sem_graduacao",
            ],
            "type": "string",
          },
        },
        "required": [
          "motivo",
          "tipo",
        ],
        "type": "object",
      },
      "strict": false,
      "type": "function",
    },
    {
      "name": "envia_informacoes",
      "parameters": {
        "properties": {
          "conteudo": {
            "enum": [
              "cronograma",
              "valor",
              "cronograma_e_valor",
            ],
            "type": "string",
          },
          "curso_escolhido": {
            "type": "string",
          },
        },
        "required": [
          "curso_escolhido",
          "conteudo",
        ],
        "type": "object",
      },
      "strict": false,
      "type": "function",
    },
    {
      "name": "temporizador_proxima_turma",
      "parameters": {
        "properties": {
          "curso": {
            "type": "string",
          },
          "motivo": {
            "type": "string",
          },
        },
        "required": [
          "motivo",
        ],
        "type": "object",
      },
      "strict": false,
      "type": "function",
    },
    {
      "name": "consulta_pos_disponiveis",
      "parameters": {
        "additionalProperties": false,
        "properties": {
          "curso_consulta": {
            "type": "string",
          },
          "trocar_para": {
            "type": "string",
          },
        },
        "type": "object",
      },
      "strict": false,
      "type": "function",
    },
    {
      "name": "confirmar_agendamento",
      "parameters": {
        "properties": {
          "curso_escolhido": {
            "type": "string",
          },
          "data_escolhida": {
            "type": "string",
          },
          "horario_escolhido": {
            "type": "string",
          },
          "vendedor_id": {
            "type": "string",
          },
        },
        "required": [
          "curso_escolhido",
          "data_escolhida",
          "horario_escolhido",
          "vendedor_id",
        ],
        "type": "object",
      },
      "strict": false,
      "type": "function",
    },
    {
      "name": "consulta_disponibilidade",
      "parameters": {
        "properties": {
          "curso_escolhido": {
            "type": "string",
          },
          "data_desejada": {
            "type": "string",
          },
          "horario_inicio_desejado": {
            "type": "string",
          },
          "periodo_desejado": {
            "enum": [
              "manha",
              "tarde",
              "noite",
              "qualquer",
            ],
            "type": "string",
          },
        },
        "required": [
          "curso_escolhido",
          "data_desejada",
        ],
        "type": "object",
      },
      "strict": false,
      "type": "function",
    },
    {
      "name": "verificar_compatibilidade_curso",
      "parameters": {
        "properties": {
          "area_trabalho": {
            "type": "string",
          },
          "conclusao_graduacao": {
            "type": "string",
          },
          "conclusao_graduacao_bruta": {
            "type": "string",
          },
          "contexto_qualificacao": {
            "enum": [
              "normal",
              "estudante_apto",
              "estudante_fora_do_prazo",
              "correcao_sem_formacao",
            ],
            "type": "string",
          },
          "curso_interesse": {
            "type": "string",
          },
          "formacao_academica": {
            "type": "string",
          },
          "objetivos_profissionais": {
            "type": "string",
          },
        },
        "required": [
          "formacao_academica",
          "curso_interesse",
        ],
        "type": "object",
      },
      "strict": false,
      "type": "function",
    },
    {
      "name": "remarcar_agendamento",
      "parameters": {
        "properties": {
          "data_escolhida": {
            "type": "string",
          },
          "horario_escolhido": {
            "type": "string",
          },
          "vendedor_id": {
            "type": "string",
          },
        },
        "required": [
          "data_escolhida",
          "horario_escolhido",
          "vendedor_id",
        ],
        "type": "object",
      },
      "strict": false,
      "type": "function",
    },
    {
      "name": "agendar_retorno",
      "parameters": {
        "properties": {
          "dias": {
            "maximum": 7,
            "minimum": 1,
            "type": "integer",
          },
          "meses": {
            "maximum": 36,
            "minimum": 1,
            "type": "integer",
          },
          "motivo": {
            "type": "string",
          },
          "tipo": {
            "enum": [
              "analise",
              "formatura",
            ],
            "type": "string",
          },
        },
        "required": [
          "tipo",
        ],
        "type": "object",
      },
      "strict": false,
      "type": "function",
    },
    {
      "name": "atualizar_dados_lead",
      "parameters": {
        "properties": {
          "area_atuacao": {
            "type": "string",
          },
          "atua_na_area": {
            "enum": [
              "sim",
              "nao",
            ],
            "type": "string",
          },
          "formacao": {
            "type": "string",
          },
          "graduacao_concluida": {
            "enum": [
              "sim",
              "cursando",
              "nao",
            ],
            "type": "string",
          },
          "nome": {
            "type": "string",
          },
          "possui_pos": {
            "enum": [
              "sim",
              "nao",
            ],
            "type": "string",
          },
          "qual_pos": {
            "type": "string",
          },
          "tempo_formacao": {
            "type": "string",
          },
        },
        "type": "object",
      },
      "strict": false,
      "type": "function",
    },
  ],
  "agente_recontato": [
    {
      "name": "temporizador_proxima_turma",
      "parameters": {
        "properties": {
          "curso": {
            "type": "string",
          },
          "motivo": {
            "type": "string",
          },
        },
        "required": [
          "motivo",
        ],
        "type": "object",
      },
      "strict": false,
      "type": "function",
    },
    {
      "name": "consulta_pos_disponiveis",
      "parameters": {
        "additionalProperties": false,
        "properties": {
          "curso_consulta": {
            "type": "string",
          },
          "trocar_para": {
            "type": "string",
          },
        },
        "type": "object",
      },
      "strict": false,
      "type": "function",
    },
    {
      "name": "consulta_objecoes",
      "parameters": {
        "properties": {
          "curso_consulta": {
            "type": "string",
          },
          "mensagem_lead": {
            "type": "string",
          },
          "tipo_objecao": {
            "enum": [
              "objecao_tempo",
              "objecao_canal",
              "pergunta_preco",
              "objecao_financeira",
              "objecao_adiamento",
              "objecao_desconfianca",
              "objecao_duvida",
              "pergunta_condicao",
              "objecao_terceiro",
              "pergunta_modalidade",
              "pergunta_instituicao",
            ],
            "type": "string",
          },
        },
        "required": [
          "mensagem_lead",
          "tipo_objecao",
        ],
        "type": "object",
      },
      "strict": false,
      "type": "function",
    },
    {
      "name": "pausa_ia",
      "parameters": {
        "properties": {
          "motivo": {
            "type": "string",
          },
          "tipo": {
            "enum": [
              "pausa",
              "nao_perturbe",
              "sem_graduacao",
            ],
            "type": "string",
          },
        },
        "required": [
          "motivo",
          "tipo",
        ],
        "type": "object",
      },
      "strict": false,
      "type": "function",
    },
    {
      "name": "envia_informacoes",
      "parameters": {
        "properties": {
          "conteudo": {
            "enum": [
              "cronograma",
              "valor",
              "cronograma_e_valor",
            ],
            "type": "string",
          },
          "curso_escolhido": {
            "type": "string",
          },
        },
        "required": [
          "curso_escolhido",
          "conteudo",
        ],
        "type": "object",
      },
      "strict": false,
      "type": "function",
    },
    {
      "name": "confirmar_agendamento",
      "parameters": {
        "properties": {
          "curso_escolhido": {
            "type": "string",
          },
          "data_escolhida": {
            "type": "string",
          },
          "horario_escolhido": {
            "type": "string",
          },
          "vendedor_id": {
            "type": "string",
          },
        },
        "required": [
          "curso_escolhido",
          "data_escolhida",
          "horario_escolhido",
          "vendedor_id",
        ],
        "type": "object",
      },
      "strict": false,
      "type": "function",
    },
    {
      "name": "consulta_disponibilidade",
      "parameters": {
        "properties": {
          "curso_escolhido": {
            "type": "string",
          },
          "data_desejada": {
            "type": "string",
          },
          "horario_inicio_desejado": {
            "type": "string",
          },
          "periodo_desejado": {
            "enum": [
              "manha",
              "tarde",
              "noite",
              "qualquer",
            ],
            "type": "string",
          },
        },
        "required": [
          "curso_escolhido",
          "data_desejada",
        ],
        "type": "object",
      },
      "strict": false,
      "type": "function",
    },
    {
      "name": "verificar_compatibilidade_curso",
      "parameters": {
        "properties": {
          "area_trabalho": {
            "type": "string",
          },
          "conclusao_graduacao": {
            "type": "string",
          },
          "conclusao_graduacao_bruta": {
            "type": "string",
          },
          "contexto_qualificacao": {
            "enum": [
              "normal",
              "estudante_apto",
              "estudante_fora_do_prazo",
              "correcao_sem_formacao",
            ],
            "type": "string",
          },
          "curso_interesse": {
            "type": "string",
          },
          "formacao_academica": {
            "type": "string",
          },
          "objetivos_profissionais": {
            "type": "string",
          },
        },
        "required": [
          "formacao_academica",
          "curso_interesse",
        ],
        "type": "object",
      },
      "strict": false,
      "type": "function",
    },
    {
      "name": "remarcar_agendamento",
      "parameters": {
        "properties": {
          "data_escolhida": {
            "type": "string",
          },
          "horario_escolhido": {
            "type": "string",
          },
          "vendedor_id": {
            "type": "string",
          },
        },
        "required": [
          "data_escolhida",
          "horario_escolhido",
          "vendedor_id",
        ],
        "type": "object",
      },
      "strict": false,
      "type": "function",
    },
    {
      "name": "agendar_retorno",
      "parameters": {
        "properties": {
          "dias": {
            "maximum": 7,
            "minimum": 1,
            "type": "integer",
          },
          "meses": {
            "maximum": 36,
            "minimum": 1,
            "type": "integer",
          },
          "motivo": {
            "type": "string",
          },
          "tipo": {
            "enum": [
              "analise",
              "formatura",
            ],
            "type": "string",
          },
        },
        "required": [
          "tipo",
        ],
        "type": "object",
      },
      "strict": false,
      "type": "function",
    },
  ],
  "agente_validacao": [
    {
      "name": "envia_informacoes",
      "parameters": {
        "properties": {
          "conteudo": {
            "enum": [
              "cronograma",
              "valor",
              "cronograma_e_valor",
            ],
            "type": "string",
          },
          "curso_escolhido": {
            "type": "string",
          },
        },
        "required": [
          "curso_escolhido",
          "conteudo",
        ],
        "type": "object",
      },
      "strict": false,
      "type": "function",
    },
    {
      "name": "temporizador_proxima_turma",
      "parameters": {
        "properties": {
          "curso": {
            "type": "string",
          },
          "motivo": {
            "type": "string",
          },
        },
        "required": [
          "motivo",
        ],
        "type": "object",
      },
      "strict": false,
      "type": "function",
    },
    {
      "name": "consulta_pos_disponiveis",
      "parameters": {
        "additionalProperties": false,
        "properties": {
          "curso_consulta": {
            "type": "string",
          },
          "trocar_para": {
            "type": "string",
          },
        },
        "type": "object",
      },
      "strict": false,
      "type": "function",
    },
    {
      "name": "verificar_compatibilidade_curso",
      "parameters": {
        "properties": {
          "area_trabalho": {
            "type": "string",
          },
          "conclusao_graduacao": {
            "type": "string",
          },
          "conclusao_graduacao_bruta": {
            "type": "string",
          },
          "contexto_qualificacao": {
            "enum": [
              "normal",
              "estudante_apto",
              "estudante_fora_do_prazo",
              "correcao_sem_formacao",
            ],
            "type": "string",
          },
          "curso_interesse": {
            "type": "string",
          },
          "formacao_academica": {
            "type": "string",
          },
          "objetivos_profissionais": {
            "type": "string",
          },
        },
        "required": [
          "formacao_academica",
          "curso_interesse",
        ],
        "type": "object",
      },
      "strict": false,
      "type": "function",
    },
    {
      "name": "consulta_disponibilidade",
      "parameters": {
        "properties": {
          "curso_escolhido": {
            "type": "string",
          },
          "data_desejada": {
            "type": "string",
          },
          "horario_inicio_desejado": {
            "type": "string",
          },
          "periodo_desejado": {
            "enum": [
              "manhã",
              "tarde",
              "noite",
              "qualquer",
            ],
            "type": "string",
          },
        },
        "required": [
          "curso_escolhido",
          "data_desejada",
        ],
        "type": "object",
      },
      "strict": false,
      "type": "function",
    },
    {
      "name": "consulta_objecoes",
      "parameters": {
        "properties": {
          "curso_consulta": {
            "type": "string",
          },
          "mensagem_lead": {
            "type": "string",
          },
          "tipo_objecao": {
            "enum": [
              "objecao_tempo",
              "objecao_canal",
              "pergunta_preco",
              "objecao_financeira",
              "objecao_adiamento",
              "objecao_desconfianca",
              "objecao_duvida",
              "pergunta_condicao",
              "objecao_terceiro",
              "pergunta_modalidade",
              "pergunta_instituicao",
            ],
            "type": "string",
          },
        },
        "required": [
          "mensagem_lead",
          "tipo_objecao",
        ],
        "type": "object",
      },
      "strict": false,
      "type": "function",
    },
    {
      "name": "pausa_ia",
      "parameters": {
        "properties": {
          "motivo": {
            "type": "string",
          },
          "tipo": {
            "enum": [
              "pausa",
              "nao_perturbe",
              "sem_graduacao",
            ],
            "type": "string",
          },
        },
        "required": [
          "motivo",
          "tipo",
        ],
        "type": "object",
      },
      "strict": false,
      "type": "function",
    },
    {
      "name": "agendar_retorno",
      "parameters": {
        "properties": {
          "dias": {
            "maximum": 7,
            "minimum": 1,
            "type": "integer",
          },
          "meses": {
            "maximum": 36,
            "minimum": 1,
            "type": "integer",
          },
          "motivo": {
            "type": "string",
          },
          "tipo": {
            "enum": [
              "analise",
              "formatura",
            ],
            "type": "string",
          },
        },
        "required": [
          "tipo",
        ],
        "type": "object",
      },
      "strict": false,
      "type": "function",
    },
    {
      "name": "atualizar_dados_lead",
      "parameters": {
        "properties": {
          "area_atuacao": {
            "type": "string",
          },
          "atua_na_area": {
            "enum": [
              "sim",
              "nao",
            ],
            "type": "string",
          },
          "formacao": {
            "type": "string",
          },
          "graduacao_concluida": {
            "enum": [
              "sim",
              "cursando",
              "nao",
            ],
            "type": "string",
          },
          "nome": {
            "type": "string",
          },
          "possui_pos": {
            "enum": [
              "sim",
              "nao",
            ],
            "type": "string",
          },
          "qual_pos": {
            "type": "string",
          },
          "tempo_formacao": {
            "type": "string",
          },
        },
        "type": "object",
      },
      "strict": false,
      "type": "function",
    },
  ],
}
`;
